2018-08-17 17:30:23path https://www.facebook.com/pg/mewshopmalaysia/ads/?country=15bug：TimeoutException('timeout\n  (Session info: chrome=68.0.3440.106)\n  (Driver info: chromedriver=2.40.565386 (45a059dc425e08165f9a10324bd1380cc13ca363),platform=Mac OS X 10.13.4 x86_64)', None, None)
2018-08-17 19:39:33postpath https://www.facebook.com/427922524319246/posts/234495894065789bug：TypeError('expected string or bytes-like object',)
2018-08-17 19:39:41postpath https://www.facebook.com/427922524319246/posts/512455069199324bug：TypeError('expected string or bytes-like object',)
2018-08-17 19:39:53postpath https://www.facebook.com/427922524319246/posts/1711846508937605bug：TypeError('expected string or bytes-like object',)
2018-08-17 20:40:52postpath https://www.facebook.com/427922524319246/posts/2093719967613190bug：TypeError('expected string or bytes-like object',)
2018-08-17 20:41:02postpath https://www.facebook.com/427922524319246/posts/1711846508937605bug：TypeError('expected string or bytes-like object',)
2018-08-17 20:41:27postpath https://www.facebook.com/427922524319246/posts/514622585649239bug：TypeError('expected string or bytes-like object',)
2018-08-17 21:42:59postpath https://www.facebook.com/427922524319246/posts/513589022419262bug：TypeError('expected string or bytes-like object',)
2018-08-17 21:43:16postpath https://www.facebook.com/427922524319246/posts/876005595922274bug：TypeError('expected string or bytes-like object',)
2018-08-18 23:15:19postpath https://www.facebook.com/427922524319246/posts/515434915568006bug：TimeoutException('timeout\n  (Session info: chrome=68.0.3440.106)\n  (Driver info: chromedriver=2.40.565386 (45a059dc425e08165f9a10324bd1380cc13ca363),platform=Mac OS X 10.13.4 x86_64)', None, None)
2018-08-18 23:20:20postpath https://www.facebook.com/427922524319246/posts/512455069199324bug：TimeoutException('timeout\n  (Session info: chrome=68.0.3440.106)\n  (Driver info: chromedriver=2.40.565386 (45a059dc425e08165f9a10324bd1380cc13ca363),platform=Mac OS X 10.13.4 x86_64)', None, None)
2018-08-18 23:25:21postpath https://www.facebook.com/427922524319246/posts/222436431765523bug：TimeoutException('timeout\n  (Session info: chrome=68.0.3440.106)\n  (Driver info: chromedriver=2.40.565386 (45a059dc425e08165f9a10324bd1380cc13ca363),platform=Mac OS X 10.13.4 x86_64)', None, None)
2018-08-18 23:30:22postpath https://www.facebook.com/427922524319246/posts/2119419661665796bug：TimeoutException('timeout\n  (Session info: chrome=68.0.3440.106)\n  (Driver info: chromedriver=2.40.565386 (45a059dc425e08165f9a10324bd1380cc13ca363),platform=Mac OS X 10.13.4 x86_64)', None, None)
2018-08-18 23:35:23postpath https://www.facebook.com/427922524319246/posts/1087947834730492bug：TimeoutException('timeout\n  (Session info: chrome=68.0.3440.106)\n  (Driver info: chromedriver=2.40.565386 (45a059dc425e08165f9a10324bd1380cc13ca363),platform=Mac OS X 10.13.4 x86_64)', None, None)
2018-08-18 23:40:24postpath https://www.facebook.com/427922524319246/posts/1180991712039678bug：TimeoutException('timeout\n  (Session info: chrome=68.0.3440.106)\n  (Driver info: chromedriver=2.40.565386 (45a059dc425e08165f9a10324bd1380cc13ca363),platform=Mac OS X 10.13.4 x86_64)', None, None)
2018-08-18 23:40:25path https://www.facebook.com/pg/mewshopmalaysia/ads/?country=15bug：KeyError('dealurl',)
2018-08-19 10:19:14postpath https://www.facebook.com/427922524319246/posts/513301725781325bug：TypeError("'int' object is not subscriptable",)
2018-08-19 10:21:07postpath https://www.facebook.com/427922524319246/posts/513714492406715bug：TypeError("'int' object is not subscriptable",)
2018-08-19 11:23:25postpath https://www.facebook.com/427922524319246/posts/516005542177610bug：TypeError("'int' object is not subscriptable",)
2018-08-19 11:30:11postpath https://www.facebook.com/427922524319246/posts/515999338844897bug：TimeoutException('timeout\n  (Session info: chrome=68.0.3440.106)\n  (Driver info: chromedriver=2.40.565386 (45a059dc425e08165f9a10324bd1380cc13ca363),platform=Mac OS X 10.13.4 x86_64)', None, None)
2018-08-19 11:35:12postpath https://www.facebook.com/427922524319246/posts/515995708845260bug：TimeoutException('timeout\n  (Session info: chrome=68.0.3440.106)\n  (Driver info: chromedriver=2.40.565386 (45a059dc425e08165f9a10324bd1380cc13ca363),platform=Mac OS X 10.13.4 x86_64)', None, None)
2018-08-19 14:21:11postpath https://www.facebook.com/427922524319246/posts/516005542177610bug：TypeError("'int' object is not subscriptable",)
2018-08-19 14:23:04postpath https://www.facebook.com/427922524319246/posts/515995722178592bug：AttributeError("'NoneType' object has no attribute 'group'",)
2018-08-19 14:34:52postpath https://www.facebook.com/427922524319246/posts/516005542177610bug：TimeoutException('timeout\n  (Session info: chrome=68.0.3440.106)\n  (Driver info: chromedriver=2.40.565386 (45a059dc425e08165f9a10324bd1380cc13ca363),platform=Mac OS X 10.13.4 x86_64)', None, None)
2018-08-19 14:39:53postpath https://www.facebook.com/427922524319246/posts/652389571811037bug：TimeoutException('timeout\n  (Session info: chrome=68.0.3440.106)\n  (Driver info: chromedriver=2.40.565386 (45a059dc425e08165f9a10324bd1380cc13ca363),platform=Mac OS X 10.13.4 x86_64)', None, None)
2018-08-19 14:50:15postpath https://www.facebook.com/427922524319246/posts/516005542177610bug：TypeError("'int' object is not subscriptable",)
2018-08-19 14:57:21postpath https://www.facebook.com/427922524319246/posts/515995722178592bug：AttributeError("'NoneType' object has no attribute 'group'",)
2018-08-19 14:58:23postpath https://www.facebook.com/427922524319246/posts/515995672178597bug：AttributeError("'NoneType' object has no attribute 'group'",)
2018-08-19 14:59:03postpath https://www.facebook.com/427922524319246/posts/515999338844897bug：AttributeError("'NoneType' object has no attribute 'group'",)
2018-08-19 14:59:54postpath https://www.facebook.com/427922524319246/posts/515995708845260bug：AttributeError("'NoneType' object has no attribute 'group'",)
2018-08-19 15:01:01postpath https://www.facebook.com/427922524319246/posts/515995762178588bug：AttributeError("'NoneType' object has no attribute 'group'",)
2018-08-19 15:01:02path https://www.facebook.com/pg/mewshopmalaysia/ads/?country=15bug：KeyError('dealurl',)
2018-08-20 10:48:23postpath https://www.facebook.com/427922524319246/posts/512455069199324bug：AttributeError("'NoneType' object has no attribute 'group'",)
2018-08-20 11:13:48postpath https://www.facebook.com/427922524319246/posts/512455069199324bug：AttributeError("'NoneType' object has no attribute 'group'",)
2018-08-20 11:53:33postpath https://www.facebook.com/427922524319246/posts/513625465748951bug：AttributeError("'NoneType' object has no attribute 'group'",)
2018-08-20 11:54:25postpath https://www.facebook.com/427922524319246/posts/1097394620414180bug：AttributeError("'NoneType' object has no attribute 'group'",)
2018-08-20 11:55:02postpath https://www.facebook.com/427922524319246/posts/516008518843979bug：AttributeError("'NoneType' object has no attribute 'group'",)
2018-08-20 11:55:36postpath https://www.facebook.com/427922524319246/posts/516008492177315bug：AttributeError("'NoneType' object has no attribute 'group'",)
2018-08-20 11:56:04path https://www.facebook.com/pg/mewshopmalaysia/ads/?country=15bug：KeyError('dealurl',)
2018-08-21 16:10:13postpath https://www.facebook.com/316557825579841/posts/323884941513796bug：TimeoutException('timeout\n  (Session info: chrome=68.0.3440.106)\n  (Driver info: chromedriver=2.40.565386 (45a059dc425e08165f9a10324bd1380cc13ca363),platform=Mac OS X 10.13.4 x86_64)', None, None)
2018-08-21 16:15:14postpath https://www.facebook.com/316557825579841/posts/295804464558094bug：TimeoutException('timeout\n  (Session info: chrome=68.0.3440.106)\n  (Driver info: chromedriver=2.40.565386 (45a059dc425e08165f9a10324bd1380cc13ca363),platform=Mac OS X 10.13.4 x86_64)', None, None)
2018-08-21 16:15:48postpath https://www.facebook.com/316557825579841/posts/323896364845987bug：AttributeError("'NoneType' object has no attribute 'group'",)
2018-08-21 16:21:17postpath https://www.facebook.com/316557825579841/posts/320079685227655bug：TimeoutException('timeout\n  (Session info: chrome=68.0.3440.106)\n  (Driver info: chromedriver=2.40.565386 (45a059dc425e08165f9a10324bd1380cc13ca363),platform=Mac OS X 10.13.4 x86_64)', None, None)
2018-08-21 16:26:18postpath https://www.facebook.com/316557825579841/posts/244289276413263bug：TimeoutException('timeout\n  (Session info: chrome=68.0.3440.106)\n  (Driver info: chromedriver=2.40.565386 (45a059dc425e08165f9a10324bd1380cc13ca363),platform=Mac OS X 10.13.4 x86_64)', None, None)
2018-08-21 16:31:19postpath https://www.facebook.com/316557825579841/posts/2133568880192441bug：TimeoutException('timeout\n  (Session info: chrome=68.0.3440.106)\n  (Driver info: chromedriver=2.40.565386 (45a059dc425e08165f9a10324bd1380cc13ca363),platform=Mac OS X 10.13.4 x86_64)', None, None)
2018-08-21 16:36:20postpath https://www.facebook.com/316557825579841/posts/851286705069504bug：TimeoutException('timeout\n  (Session info: chrome=68.0.3440.106)\n  (Driver info: chromedriver=2.40.565386 (45a059dc425e08165f9a10324bd1380cc13ca363),platform=Mac OS X 10.13.4 x86_64)', None, None)
2018-08-21 16:41:21postpath https://www.facebook.com/316557825579841/posts/224019548288796bug：TimeoutException('timeout\n  (Session info: chrome=68.0.3440.106)\n  (Driver info: chromedriver=2.40.565386 (45a059dc425e08165f9a10324bd1380cc13ca363),platform=Mac OS X 10.13.4 x86_64)', None, None)
2018-08-21 17:17:27postpath https://www.facebook.com/316557825579841/posts/320101825225441bug：NameError("name 'videourlst' is not defined",)
2018-08-21 17:17:35postpath https://www.facebook.com/316557825579841/posts/324687664766857bug：NameError("name 'videourlst' is not defined",)
2018-08-21 17:17:44postpath https://www.facebook.com/316557825579841/posts/320097895225834bug：NameError("name 'videourlst' is not defined",)
2018-08-21 17:17:55postpath https://www.facebook.com/316557825579841/posts/320116338557323bug：NameError("name 'videourlst' is not defined",)
2018-08-21 17:26:03postpath https://www.facebook.com/427922524319246/posts/517632425348255bug：AttributeError("'NoneType' object has no attribute 'group'",)
2018-08-21 17:26:09postpath https://www.facebook.com/427922524319246/posts/231597777501428bug：AttributeError("'NoneType' object has no attribute 'group'",)
2018-08-21 17:26:20postpath https://www.facebook.com/427922524319246/posts/652393311810663bug：AttributeError("'NoneType' object has no attribute 'group'",)
2018-08-21 17:26:27postpath https://www.facebook.com/427922524319246/posts/266449990743930bug：AttributeError("'NoneType' object has no attribute 'group'",)
2018-08-21 17:26:43postpath https://www.facebook.com/427922524319246/posts/516681758776655bug：AttributeError("'NoneType' object has no attribute 'group'",)
2018-08-21 17:26:49postpath https://www.facebook.com/427922524319246/posts/320215402054141bug：AttributeError("'NoneType' object has no attribute 'group'",)
2018-08-21 17:26:55postpath https://www.facebook.com/427922524319246/posts/278961799584910bug：AttributeError("'NoneType' object has no attribute 'group'",)
2018-08-21 17:27:01postpath https://www.facebook.com/427922524319246/posts/257642581536188bug：AttributeError("'NoneType' object has no attribute 'group'",)
2018-08-21 17:40:09postpath https://www.facebook.com/427922524319246/posts/517632425348255bug：IndexError('list index out of range',)
2018-08-21 17:40:21postpath https://www.facebook.com/427922524319246/posts/231597777501428bug：IndexError('list index out of range',)
2018-08-21 17:40:26postpath https://www.facebook.com/427922524319246/posts/652393311810663bug：IndexError('list index out of range',)
2018-08-21 17:40:33postpath https://www.facebook.com/427922524319246/posts/266449990743930bug：IndexError('list index out of range',)
2018-08-21 17:40:53postpath https://www.facebook.com/427922524319246/posts/516681758776655bug：IndexError('list index out of range',)
2018-08-21 17:40:58postpath https://www.facebook.com/427922524319246/posts/320215402054141bug：IndexError('list index out of range',)
2018-08-21 18:00:22postpath https://www.facebook.com/427922524319246/posts/517632425348255bug：IndexError('list index out of range',)
2018-08-22 14:23:12postpath https://www.facebook.com/427922524319246/posts/310717346159077bug：IndexError('list index out of range',)
2018-08-22 14:23:16postpath https://www.facebook.com/427922524319246/posts/327108391167855bug：IndexError('list index out of range',)
2018-08-22 14:27:33postpath https://www.facebook.com/427922524319246/posts/513714492406715bug：TypeError("'int' object is not subscriptable",)
2018-08-27 15:17:26postpath https://www.facebook.com/600190910166990/posts/971405599712184bug：TypeError("'int' object is not subscriptable",)
2018-08-31 14:16:41postpath https://www.facebook.com/600190910166990/posts/10106803557168949bug：IndexError('list index out of range',)
2018-08-31 14:16:55postpath https://www.facebook.com/600190910166990/posts/10106805177895999bug：IndexError('list index out of range',)
2018-08-31 14:17:10postpath https://www.facebook.com/600190910166990/posts/10106805172426959bug：IndexError('list index out of range',)
2018-08-31 14:17:22postpath https://www.facebook.com/600190910166990/posts/10106786002568509bug：IndexError('list index out of range',)
2018-08-31 14:17:34postpath https://www.facebook.com/600190910166990/posts/10106805178973839bug：IndexError('list index out of range',)
2018-08-31 14:17:50postpath https://www.facebook.com/600190910166990/posts/10106766193106829bug：IndexError('list index out of range',)
2018-08-31 14:18:06postpath https://www.facebook.com/600190910166990/posts/10106764391866529bug：IndexError('list index out of range',)
2018-08-31 14:18:19postpath https://www.facebook.com/600190910166990/posts/10106790939754349bug：IndexError('list index out of range',)
2018-08-31 14:18:33postpath https://www.facebook.com/600190910166990/posts/10106805161913029bug：IndexError('list index out of range',)
2018-08-31 14:18:48postpath https://www.facebook.com/600190910166990/posts/10106805161324209bug：IndexError('list index out of range',)
2018-08-31 14:18:59postpath https://www.facebook.com/600190910166990/posts/10106805160590679bug：IndexError('list index out of range',)
2018-08-31 14:19:13postpath https://www.facebook.com/600190910166990/posts/10106804671929959bug：IndexError('list index out of range',)
2018-08-31 14:19:25postpath https://www.facebook.com/600190910166990/posts/714311612236469bug：IndexError('list index out of range',)
2018-08-31 14:19:39postpath https://www.facebook.com/600190910166990/posts/2065178670409511bug：IndexError('list index out of range',)
2018-08-31 14:20:15postpath https://www.facebook.com/600190910166990/posts/2060336227560422bug：IndexError('list index out of range',)
2018-08-31 14:37:12path https://www.facebook.com/pg/ivyandfig/ads/?country=1bug：KeyError('title',)
2018-08-31 15:22:09path https://www.facebook.com/pg/ivyandfig/ads/?country=1bug：KeyError('title',)
2018-08-31 16:31:06postpath https://www.facebook.com/600190910166990/posts/10106803557168949bug：IndexError('list index out of range',)
2018-08-31 16:31:22postpath https://www.facebook.com/600190910166990/posts/10106805177895999bug：IndexError('list index out of range',)
2018-08-31 16:31:43postpath https://www.facebook.com/600190910166990/posts/10106805172426959bug：IndexError('list index out of range',)
2018-08-31 16:32:17postpath https://www.facebook.com/600190910166990/posts/10106786002568509bug：IndexError('list index out of range',)
2018-08-31 16:32:29postpath https://www.facebook.com/600190910166990/posts/10106805178973839bug：IndexError('list index out of range',)
2018-08-31 16:32:46postpath https://www.facebook.com/600190910166990/posts/10106766193106829bug：IndexError('list index out of range',)
2018-08-31 16:32:59postpath https://www.facebook.com/600190910166990/posts/10106764391866529bug：IndexError('list index out of range',)
2018-08-31 16:33:10postpath https://www.facebook.com/600190910166990/posts/10106790939754349bug：IndexError('list index out of range',)
2018-09-06 09:43:51path https://www.facebook.com/pg/ivyandfig/ads/?country=1bug：TimeoutException('timeout\n  (Session info: chrome=68.0.3440.106)\n  (Driver info: chromedriver=2.40.565386 (45a059dc425e08165f9a10324bd1380cc13ca363),platform=Mac OS X 10.13.6 x86_64)', None, None)
2018-09-11 14:24:45postpath https://www.facebook.com/600190910166990/posts/475028829683252bug：KeyError('content-length',)
2018-10-13 17:18:47path https://www.facebook.com/pg/IWantOneByHowlers/ads/?country=1bug：TypeError("'NoneType' object is not subscriptable",)
2018-10-13 17:18:53path https://www.facebook.com/pg/OwletBabyMonitors/ads/?country=2bug：TypeError("'NoneType' object is not subscriptable",)
2018-10-13 17:18:59path https://www.facebook.com/pg/simistorenow/ads/?country=2bug：TypeError("'NoneType' object is not subscriptable",)
2018-10-13 17:19:04path https://www.facebook.com/pg/micella.net/ads/?country=1bug：TypeError("'NoneType' object is not subscriptable",)
2018-10-13 17:19:10path https://www.facebook.com/pg/-IscanPro-289753158496233/ads/?country=1bug：TypeError("'NoneType' object is not subscriptable",)
2018-10-13 17:19:16path https://www.facebook.com/pg/itFit/ads/?country=1bug：TypeError("'NoneType' object is not subscriptable",)
2018-10-13 17:19:22path https://www.facebook.com/pg/Produtos-úteis-1369046106555503/ads/?country=0bug：TypeError("'NoneType' object is not subscriptable",)
2018-10-13 17:19:28path https://www.facebook.com/pg/Tasty-food-715135555314413/ads/?country=1bug：TypeError("'NoneType' object is not subscriptable",)
2018-10-13 17:19:33path https://www.facebook.com/pg/Funtastic-Gift-2072254702994666/ads/?country=1bug：TypeError("'NoneType' object is not subscriptable",)
2018-10-13 17:19:39path https://www.facebook.com/pg/nurasound/ads/?country=1bug：TypeError("'NoneType' object is not subscriptable",)
2018-10-13 17:19:45path https://www.facebook.com/pg/dealsweel/ads/?country=1bug：TypeError("'NoneType' object is not subscriptable",)
2018-10-13 17:26:49postpath https://www.facebook.com/1795127277464308/posts/2028188357213793bug：ChunkedEncodingError(ProtocolError("Connection broken: ConnectionResetError(54, 'Connection reset by peer')", ConnectionResetError(54, 'Connection reset by peer')),)
2018-10-13 17:27:45postpath https://www.facebook.com/1795127277464308/posts/2074415129535520bug：AttributeError("'list' object has no attribute 'text'",)
2018-10-15 11:54:02path https://www.facebook.com/pg/OwletBabyMonitors/ads/?country=2bug：IndexError('list index out of range',)
2018-10-15 11:56:02path https://www.facebook.com/pg/micella.net/ads/?country=1bug：IndexError('list index out of range',)
2018-10-15 11:56:21path https://www.facebook.com/pg/-IscanPro-289753158496233/ads/?country=1bug：IndexError('list index out of range',)
2018-10-15 11:57:20path https://www.facebook.com/pg/itFit/ads/?country=1bug：IndexError('list index out of range',)
2018-10-15 11:58:01path https://www.facebook.com/pg/Produtos-úteis-1369046106555503/ads/?country=0bug：IndexError('list index out of range',)
2018-10-15 11:59:43path https://www.facebook.com/pg/Funtastic-Gift-2072254702994666/ads/?country=1bug：IndexError('list index out of range',)
2018-10-15 12:00:39path https://www.facebook.com/pg/nurasound/ads/?country=1bug：TypeError("'int' object is not subscriptable",)
2018-10-15 12:02:01path https://www.facebook.com/pg/paradigmgoods/ads/?country=0bug：AttributeError("'NoneType' object has no attribute 'group'",)
2018-10-15 12:02:12path https://www.facebook.com/pg/NewLook-418394532016011/ads/?country=1bug：IndexError('list index out of range',)
2018-10-15 12:02:24path https://www.facebook.com/pg/semiperdo/ads/?country=12bug：IndexError('list index out of range',)
2018-10-15 12:06:10path https://www.facebook.com/pg/RECTECGrills/ads/?country=1bug：IndexError('list index out of range',)
2018-10-15 12:06:20path https://www.facebook.com/pg/Indiegogo/ads/?country=0bug：IndexError('list index out of range',)
2018-10-15 12:06:37path https://www.facebook.com/pg/zinvowatches/ads/?country=0bug：AttributeError("'list' object has no attribute 'text'",)
2018-10-15 12:07:40path https://www.facebook.com/pg/qardio/ads/?country=2bug：IndexError('list index out of range',)
2018-10-15 12:07:50path https://www.facebook.com/pg/OsterBrasil/ads/?country=49bug：IndexError('list index out of range',)
2018-10-15 12:08:18path https://www.facebook.com/pg/planctonprofessionaloficial/ads/?country=49bug：IndexError('list index out of range',)
2018-10-15 12:09:07path https://www.facebook.com/pg/GSupplyOfficial/ads/?country=1bug：AttributeError("'list' object has no attribute 'text'",)
2018-10-15 12:09:39path https://www.facebook.com/pg/lumzag/ads/?country=1bug：TypeError("'int' object is not subscriptable",)
2018-10-15 12:09:58path https://www.facebook.com/pg/marsbladeofficial/ads/?country=1bug：IndexError('list index out of range',)
2018-10-15 12:10:50path https://www.facebook.com/pg/marvelousgadgets/ads/?country=1bug：IndexError('list index out of range',)
2018-10-15 12:11:01path https://www.facebook.com/pg/Jellop-Early-Adopters-212633702628288/ads/?country=1bug：IndexError('list index out of range',)
2018-10-15 12:11:12path https://www.facebook.com/pg/Oberlo/ads/?country=0bug：TypeError("'NoneType' object is not subscriptable",)
2018-10-15 12:11:16path https://www.facebook.com/pg/Legit Gifts TV/ads/?country=1bug：TypeError("'NoneType' object is not subscriptable",)
2018-10-15 12:11:20path https://www.facebook.com/pg/Unique & Perfect Gift Ideas/ads/?country=1bug：TypeError("'NoneType' object is not subscriptable",)
2018-10-15 12:11:24path https://www.facebook.com/pg/I Want One/ads/?country=1bug：TypeError("'NoneType' object is not subscriptable",)
2018-10-15 12:11:40path https://www.facebook.com/pg/Biosilk/ads/?country=1bug：TypeError("'NoneType' object is not subscriptable",)
2018-10-15 12:11:49path https://www.facebook.com/pg//ads/?country=1bug：TypeError("'NoneType' object is not subscriptable",)
2018-10-15 12:11:54path https://www.facebook.com/pg/eluxdeal/ads/?country=1bug：TypeError("'NoneType' object is not subscriptable",)
2018-10-15 13:15:00path https://www.facebook.com/pg/OwletBabyMonitors/ads/?country=2bug：TypeError("'int' object is not subscriptable",)
2018-10-15 13:16:15path https://www.facebook.com/pg/micella.net/ads/?country=1bug：IndexError('list index out of range',)
2018-10-15 13:24:12path https://www.facebook.com/pg/-IscanPro-289753158496233/ads/?country=1bug：ChunkedEncodingError(ProtocolError("Connection broken: ConnectionResetError(54, 'Connection reset by peer')", ConnectionResetError(54, 'Connection reset by peer')),)
2018-10-15 13:32:31path https://www.facebook.com/pg/Produtos-úteis-1369046106555503/ads/?country=0bug：IndexError('list index out of range',)
2018-10-15 13:32:51path https://www.facebook.com/pg/Funtastic-Gift-2072254702994666/ads/?country=1bug：IndexError('list index out of range',)
2018-10-15 13:33:09path https://www.facebook.com/pg/nurasound/ads/?country=1bug：TypeError("'int' object is not subscriptable",)
2018-10-15 13:34:33path https://www.facebook.com/pg/paradigmgoods/ads/?country=0bug：AttributeError("'NoneType' object has no attribute 'group'",)
2018-10-15 13:40:53path https://www.facebook.com/pg/semiperdo/ads/?country=12bug：AttributeError("'list' object has no attribute 'text'",)
2018-10-15 13:41:41path https://www.facebook.com/pg/RECTECGrills/ads/?country=1bug：TypeError("'int' object is not subscriptable",)
2018-10-15 13:42:11path https://www.facebook.com/pg/Indiegogo/ads/?country=0bug：AttributeError("'list' object has no attribute 'text'",)
2018-10-15 13:42:39path https://www.facebook.com/pg/zinvowatches/ads/?country=0bug：AttributeError("'list' object has no attribute 'text'",)
2018-10-15 13:43:15path https://www.facebook.com/pg/qardio/ads/?country=2bug：IndexError('list index out of range',)
2018-10-15 13:43:49path https://www.facebook.com/pg/OsterBrasil/ads/?country=49bug：IndexError('list index out of range',)
2018-10-15 13:45:08path https://www.facebook.com/pg/planctonprofessionaloficial/ads/?country=49bug：IndexError('list index out of range',)
2018-10-15 13:45:33path https://www.facebook.com/pg/GSupplyOfficial/ads/?country=1bug：IndexError('list index out of range',)
2018-10-15 13:46:15path https://www.facebook.com/pg/lumzag/ads/?country=1bug：TypeError("'int' object is not subscriptable",)
2018-10-15 13:48:40path https://www.facebook.com/pg/marsbladeofficial/ads/?country=1bug：IndexError('list index out of range',)
2018-10-15 13:50:00path https://www.facebook.com/pg/marvelousgadgets/ads/?country=1bug：IndexError('list index out of range',)
2018-10-15 13:51:38path https://www.facebook.com/pg/Jellop-Early-Adopters-212633702628288/ads/?country=1bug：IndexError('list index out of range',)
2018-10-15 13:51:50path https://www.facebook.com/pg/Oberlo/ads/?country=0bug：TypeError("'NoneType' object is not subscriptable",)
2018-10-15 13:51:55path https://www.facebook.com/pg/Legit Gifts TV/ads/?country=1bug：TypeError("'NoneType' object is not subscriptable",)
2018-10-15 13:51:59path https://www.facebook.com/pg/Unique & Perfect Gift Ideas/ads/?country=1bug：TypeError("'NoneType' object is not subscriptable",)
2018-10-15 13:52:04path https://www.facebook.com/pg/I Want One/ads/?country=1bug：TypeError("'NoneType' object is not subscriptable",)
2018-10-15 13:52:21path https://www.facebook.com/pg/Biosilk/ads/?country=1bug：TypeError("'NoneType' object is not subscriptable",)
2018-10-15 13:52:31path https://www.facebook.com/pg//ads/?country=1bug：TypeError("'NoneType' object is not subscriptable",)
2018-10-15 13:52:35path https://www.facebook.com/pg/eluxdeal/ads/?country=1bug：TypeError("'NoneType' object is not subscriptable",)
2018-10-15 14:17:02path https://www.facebook.com/pg/OwletBabyMonitors/ads/?country=2bug：TypeError("'int' object is not subscriptable",)
2018-10-15 14:17:51path https://www.facebook.com/pg/micella.net/ads/?country=1bug：IndexError('list index out of range',)
2018-10-15 14:20:00path https://www.facebook.com/pg/-IscanPro-289753158496233/ads/?country=1bug：IndexError('list index out of range',)
2018-10-15 14:25:11path https://www.facebook.com/pg/Produtos-úteis-1369046106555503/ads/?country=0bug：TimeoutException('timeout\n  (Session info: chrome=69.0.3497.100)\n  (Driver info: chromedriver=2.40.565386 (45a059dc425e08165f9a10324bd1380cc13ca363),platform=Mac OS X 10.13.6 x86_64)', None, None)
2018-10-15 14:30:11path https://www.facebook.com/pg/Tasty-food-715135555314413/ads/?country=1bug：TimeoutException('timeout\n  (Session info: chrome=69.0.3497.100)\n  (Driver info: chromedriver=2.40.565386 (45a059dc425e08165f9a10324bd1380cc13ca363),platform=Mac OS X 10.13.6 x86_64)', None, None)
2018-10-15 14:35:11path https://www.facebook.com/pg/Funtastic-Gift-2072254702994666/ads/?country=1bug：TimeoutException('timeout\n  (Session info: chrome=69.0.3497.100)\n  (Driver info: chromedriver=2.40.565386 (45a059dc425e08165f9a10324bd1380cc13ca363),platform=Mac OS X 10.13.6 x86_64)', None, None)
2018-10-16 11:20:01path https://www.facebook.com/pg/churchillapparel/ads/?country=1bug：KeyError('title',)
2018-10-16 11:36:10path https://www.facebook.com/pg/inspireuplift/ads/?country=3bug：KeyError('title',)
2018-10-16 11:44:14path https://www.facebook.com/pg/awakenwithjp/ads/?country=1bug：KeyError('title',)
